// Jest Snapshot v1, https://goo.gl/fbAQLP

exports[`renders dog place holder 1`] = `
<div>
  <div
    className="MuiCircularProgress-root makeStyles-hidden-1 MuiCircularProgress-colorPrimary MuiCircularProgress-indeterminate"
    role="progressbar"
    style={
      Object {
        "height": 40,
        "width": 40,
      }
    }
  >
    <svg
      className="MuiCircularProgress-svg"
      viewBox="22 22 44 44"
    >
      <circle
        className="MuiCircularProgress-circle MuiCircularProgress-circleIndeterminate"
        cx={44}
        cy={44}
        fill="none"
        r={20.2}
        strokeWidth={3.6}
        style={Object {}}
      />
    </svg>
  </div>
  <img
    alt="dog place holder"
    className="makeStyles-sm-3"
    height="360px"
    id="placeHolderImageId"
    src="/dogBreedPlaceholder.png"
    width="640px"
  />
</div>
`;
