// Jest Snapshot v1, https://goo.gl/fbAQLP

exports[`renders dog uploader 1`] = `
<label
  className="dogUploader"
  htmlFor="upload-photo"
>
  <span
    aria-disabled={false}
    className="MuiButtonBase-root MuiButton-root MuiButton-contained MuiButton-containedPrimary"
    onBlur={[Function]}
    onChange={[Function]}
    onDragLeave={[Function]}
    onFocus={[Function]}
    onKeyDown={[Function]}
    onKeyUp={[Function]}
    onMouseDown={[Function]}
    onMouseLeave={[Function]}
    onMouseUp={[Function]}
    onTouchEnd={[Function]}
    onTouchMove={[Function]}
    onTouchStart={[Function]}
    role="button"
    tabIndex={0}
  >
    <span
      className="MuiButton-label"
    >
      Upload your dog
      <div
        className="MuiCircularProgress-root makeStyles-hidden-1 MuiCircularProgress-indeterminate"
        role="progressbar"
        style={
          Object {
            "height": 40,
            "width": 40,
          }
        }
      >
        <svg
          className="MuiCircularProgress-svg"
          viewBox="22 22 44 44"
        >
          <circle
            className="MuiCircularProgress-circle MuiCircularProgress-circleIndeterminate"
            cx={44}
            cy={44}
            fill="none"
            r={20.2}
            strokeWidth={3.6}
            style={Object {}}
          />
        </svg>
      </div>
      <input
        accept="image/*"
        id="upload-photo"
        name="upload-photo"
        type="file"
      />
    </span>
  </span>
</label>
`;
